Analysis & Synthesis report for systolic_array_2x2
Fri Sep 04 16:02:24 2026
Quartus Prime Version 18.1.0 Build 625 09/12/2018 SJ Lite Edition


---------------------
; Table of Contents ;
---------------------
  1. Legal Notice
  2. Analysis & Synthesis Summary
  3. Analysis & Synthesis Settings
  4. Parallel Compilation
  5. Analysis & Synthesis Source Files Read
  6. Analysis & Synthesis Resource Usage Summary
  7. Analysis & Synthesis Resource Utilization by Entity
  8. Analysis & Synthesis DSP Block Usage Summary
  9. General Register Statistics
 10. Multiplexer Restructuring Statistics (Restructuring Performed)
 11. Parameter Settings for User Entity Instance: Top-level Entity: |systolic_array
 12. Port Connectivity Checks: "pe:ROW[7].COL[7].PE"
 13. Port Connectivity Checks: "pe:ROW[7].COL[6].PE"
 14. Port Connectivity Checks: "pe:ROW[7].COL[5].PE"
 15. Port Connectivity Checks: "pe:ROW[7].COL[4].PE"
 16. Port Connectivity Checks: "pe:ROW[7].COL[3].PE"
 17. Port Connectivity Checks: "pe:ROW[7].COL[2].PE"
 18. Port Connectivity Checks: "pe:ROW[7].COL[1].PE"
 19. Port Connectivity Checks: "pe:ROW[7].COL[0].PE"
 20. Port Connectivity Checks: "pe:ROW[6].COL[7].PE"
 21. Port Connectivity Checks: "pe:ROW[5].COL[7].PE"
 22. Port Connectivity Checks: "pe:ROW[4].COL[7].PE"
 23. Port Connectivity Checks: "pe:ROW[3].COL[7].PE"
 24. Port Connectivity Checks: "pe:ROW[2].COL[7].PE"
 25. Port Connectivity Checks: "pe:ROW[1].COL[7].PE"
 26. Port Connectivity Checks: "pe:ROW[0].COL[7].PE"
 27. Post-Synthesis Netlist Statistics for Top Partition
 28. Elapsed Time Per Partition
 29. Analysis & Synthesis Messages



----------------
; Legal Notice ;
----------------
Copyright (C) 2018  Intel Corporation. All rights reserved.
Your use of Intel Corporation's design tools, logic functions 
and other software and tools, and its AMPP partner logic 
functions, and any output files from any of the foregoing 
(including device programming or simulation files), and any 
associated documentation or information are expressly subject 
to the terms and conditions of the Intel Program License 
Subscription Agreement, the Intel Quartus Prime License Agreement,
the Intel FPGA IP License Agreement, or other applicable license
agreement, including, without limitation, that your use is for
the sole purpose of programming logic devices manufactured by
Intel and sold by Intel or its authorized distributors.  Please
refer to the applicable agreement for further details.



+-------------------------------------------------------------------------------+
; Analysis & Synthesis Summary                                                  ;
+---------------------------------+---------------------------------------------+
; Analysis & Synthesis Status     ; Successful - Fri Sep 04 16:02:24 2026       ;
; Quartus Prime Version           ; 18.1.0 Build 625 09/12/2018 SJ Lite Edition ;
; Revision Name                   ; systolic_array_2x2                          ;
; Top-level Entity Name           ; systolic_array                              ;
; Family                          ; Cyclone V                                   ;
; Logic utilization (in ALMs)     ; N/A                                         ;
; Total registers                 ; 3056                                        ;
; Total pins                      ; 2,194                                       ;
; Total virtual pins              ; 0                                           ;
; Total block memory bits         ; 0                                           ;
; Total DSP Blocks                ; 64                                          ;
; Total HSSI RX PCSs              ; 0                                           ;
; Total HSSI PMA RX Deserializers ; 0                                           ;
; Total HSSI TX PCSs              ; 0                                           ;
; Total HSSI PMA TX Serializers   ; 0                                           ;
; Total PLLs                      ; 0                                           ;
; Total DLLs                      ; 0                                           ;
+---------------------------------+---------------------------------------------+


+---------------------------------------------------------------------------------------------------------------------------+
; Analysis & Synthesis Settings                                                                                             ;
+---------------------------------------------------------------------------------+--------------------+--------------------+
; Option                                                                          ; Setting            ; Default Value      ;
+---------------------------------------------------------------------------------+--------------------+--------------------+
; Device                                                                          ; 5CSEMA5F31C6       ;                    ;
; Top-level entity name                                                           ; systolic_array     ; systolic_array_2x2 ;
; Family name                                                                     ; Cyclone V          ; Cyclone V          ;
; Use smart compilation                                                           ; Off                ; Off                ;
; Enable parallel Assembler and Timing Analyzer during compilation                ; On                 ; On                 ;
; Enable compact report table                                                     ; Off                ; Off                ;
; Restructure Multiplexers                                                        ; Auto               ; Auto               ;
; MLAB Add Timing Constraints For Mixed-Port Feed-Through Mode Setting Don't Care ; Off                ; Off                ;
; Create Debugging Nodes for IP Cores                                             ; Off                ; Off                ;
; Preserve fewer node names                                                       ; On                 ; On                 ;
; Intel FPGA IP Evaluation Mode                                                   ; Enable             ; Enable             ;
; Verilog Version                                                                 ; Verilog_2001       ; Verilog_2001       ;
; VHDL Version                                                                    ; VHDL_1993          ; VHDL_1993          ;
; State Machine Processing                                                        ; Auto               ; Auto               ;
; Safe State Machine                                                              ; Off                ; Off                ;
; Extract Verilog State Machines                                                  ; On                 ; On                 ;
; Extract VHDL State Machines                                                     ; On                 ; On                 ;
; Ignore Verilog initial constructs                                               ; Off                ; Off                ;
; Iteration limit for constant Verilog loops                                      ; 5000               ; 5000               ;
; Iteration limit for non-constant Verilog loops                                  ; 250                ; 250                ;
; Add Pass-Through Logic to Inferred RAMs                                         ; On                 ; On                 ;
; Infer RAMs from Raw Logic                                                       ; On                 ; On                 ;
; Parallel Synthesis                                                              ; On                 ; On                 ;
; DSP Block Balancing                                                             ; Auto               ; Auto               ;
; NOT Gate Push-Back                                                              ; On                 ; On                 ;
; Power-Up Don't Care                                                             ; On                 ; On                 ;
; Remove Redundant Logic Cells                                                    ; Off                ; Off                ;
; Remove Duplicate Registers                                                      ; On                 ; On                 ;
; Ignore CARRY Buffers                                                            ; Off                ; Off                ;
; Ignore CASCADE Buffers                                                          ; Off                ; Off                ;
; Ignore GLOBAL Buffers                                                           ; Off                ; Off                ;
; Ignore ROW GLOBAL Buffers                                                       ; Off                ; Off                ;
; Ignore LCELL Buffers                                                            ; Off                ; Off                ;
; Ignore SOFT Buffers                                                             ; On                 ; On                 ;
; Limit AHDL Integers to 32 Bits                                                  ; Off                ; Off                ;
; Optimization Technique                                                          ; Balanced           ; Balanced           ;
; Carry Chain Length                                                              ; 70                 ; 70                 ;
; Auto Carry Chains                                                               ; On                 ; On                 ;
; Auto Open-Drain Pins                                                            ; On                 ; On                 ;
; Perform WYSIWYG Primitive Resynthesis                                           ; Off                ; Off                ;
; Auto ROM Replacement                                                            ; On                 ; On                 ;
; Auto RAM Replacement                                                            ; On                 ; On                 ;
; Auto DSP Block Replacement                                                      ; On                 ; On                 ;
; Auto Shift Register Replacement                                                 ; Auto               ; Auto               ;
; Allow Shift Register Merging across Hierarchies                                 ; Auto               ; Auto               ;
; Auto Clock Enable Replacement                                                   ; On                 ; On                 ;
; Strict RAM Replacement                                                          ; Off                ; Off                ;
; Allow Synchronous Control Signals                                               ; On                 ; On                 ;
; Force Use of Synchronous Clear Signals                                          ; Off                ; Off                ;
; Auto Resource Sharing                                                           ; Off                ; Off                ;
; Allow Any RAM Size For Recognition                                              ; Off                ; Off                ;
; Allow Any ROM Size For Recognition                                              ; Off                ; Off                ;
; Allow Any Shift Register Size For Recognition                                   ; Off                ; Off                ;
; Use LogicLock Constraints during Resource Balancing                             ; On                 ; On                 ;
; Ignore translate_off and synthesis_off directives                               ; Off                ; Off                ;
; Timing-Driven Synthesis                                                         ; On                 ; On                 ;
; Report Parameter Settings                                                       ; On                 ; On                 ;
; Report Source Assignments                                                       ; On                 ; On                 ;
; Report Connectivity Checks                                                      ; On                 ; On                 ;
; Ignore Maximum Fan-Out Assignments                                              ; Off                ; Off                ;
; Synchronization Register Chain Length                                           ; 3                  ; 3                  ;
; Power Optimization During Synthesis                                             ; Normal compilation ; Normal compilation ;
; HDL message level                                                               ; Level2             ; Level2             ;
; Suppress Register Optimization Related Messages                                 ; Off                ; Off                ;
; Number of Removed Registers Reported in Synthesis Report                        ; 5000               ; 5000               ;
; Number of Swept Nodes Reported in Synthesis Report                              ; 5000               ; 5000               ;
; Number of Inverted Registers Reported in Synthesis Report                       ; 100                ; 100                ;
; Clock MUX Protection                                                            ; On                 ; On                 ;
; Auto Gated Clock Conversion                                                     ; Off                ; Off                ;
; Block Design Naming                                                             ; Auto               ; Auto               ;
; SDC constraint protection                                                       ; Off                ; Off                ;
; Synthesis Effort                                                                ; Auto               ; Auto               ;
; Shift Register Replacement - Allow Asynchronous Clear Signal                    ; On                 ; On                 ;
; Pre-Mapping Resynthesis Optimization                                            ; Off                ; Off                ;
; Analysis & Synthesis Message Level                                              ; Medium             ; Medium             ;
; Disable Register Merging Across Hierarchies                                     ; Auto               ; Auto               ;
; Resource Aware Inference For Block RAM                                          ; On                 ; On                 ;
; Automatic Parallel Synthesis                                                    ; On                 ; On                 ;
; Partial Reconfiguration Bitstream ID                                            ; Off                ; Off                ;
+---------------------------------------------------------------------------------+--------------------+--------------------+


+------------------------------------------+
; Parallel Compilation                     ;
+----------------------------+-------------+
; Processors                 ; Number      ;
+----------------------------+-------------+
; Number detected on machine ; 20          ;
; Maximum allowed            ; 14          ;
;                            ;             ;
; Average used               ; 1.00        ;
; Maximum used               ; 14          ;
;                            ;             ;
; Usage by Processor         ; % Time Used ;
;     Processor 1            ; 100.0%      ;
;     Processor 2            ;   0.0%      ;
;     Processor 3            ;   0.0%      ;
;     Processor 4            ;   0.0%      ;
;     Processor 5            ;   0.0%      ;
;     Processor 6            ;   0.0%      ;
;     Processor 7            ;   0.0%      ;
;     Processor 8            ;   0.0%      ;
;     Processors 9-14        ;   0.0%      ;
+----------------------------+-------------+


+--------------------------------------------------------------------------------------------------------------------------------------------------------------------------------+
; Analysis & Synthesis Source Files Read                                                                                                                                         ;
+----------------------------------+-----------------+------------------------+----------------------------------------------------------------------------------------+---------+
; File Name with User-Entered Path ; Used in Netlist ; File Type              ; File Name with Absolute Path                                                           ; Library ;
+----------------------------------+-----------------+------------------------+----------------------------------------------------------------------------------------+---------+
; systolic_array.v                 ; yes             ; User Verilog HDL File  ; C:/Users/JT2ju/OneDrive/Documents/Accelerator/Stage 4/Quartus_Project/systolic_array.v ;         ;
; pe.v                             ; yes             ; User Verilog HDL File  ; C:/Users/JT2ju/OneDrive/Documents/Accelerator/Stage 4/Quartus_Project/pe.v             ;         ;
+----------------------------------+-----------------+------------------------+----------------------------------------------------------------------------------------+---------+


+-----------------------------------------------------------+
; Analysis & Synthesis Resource Usage Summary               ;
+---------------------------------------------+-------------+
; Resource                                    ; Usage       ;
+---------------------------------------------+-------------+
; Estimate of Logic utilization (ALMs needed) ; 1539        ;
;                                             ;             ;
; Combinational ALUT usage for logic          ; 64          ;
;     -- 7 input functions                    ; 0           ;
;     -- 6 input functions                    ; 0           ;
;     -- 5 input functions                    ; 0           ;
;     -- 4 input functions                    ; 0           ;
;     -- <=3 input functions                  ; 64          ;
;                                             ;             ;
; Dedicated logic registers                   ; 3056        ;
;                                             ;             ;
; I/O pins                                    ; 2194        ;
;                                             ;             ;
; Total DSP Blocks                            ; 64          ;
;                                             ;             ;
; Maximum fan-out node                        ; reset~input ;
; Maximum fan-out                             ; 3120        ;
; Total fan-out                               ; 18722       ;
; Average fan-out                             ; 2.47        ;
+---------------------------------------------+-------------+


+-----------------------------------------------------------------------------------------------------------------------------------------------------------------------------------------------------------+
; Analysis & Synthesis Resource Utilization by Entity                                                                                                                                                       ;
+----------------------------+---------------------+---------------------------+-------------------+------------+------+--------------+-------------------------------------+----------------+--------------+
; Compilation Hierarchy Node ; Combinational ALUTs ; Dedicated Logic Registers ; Block Memory Bits ; DSP Blocks ; Pins ; Virtual Pins ; Full Hierarchy Name                 ; Entity Name    ; Library Name ;
+----------------------------+---------------------+---------------------------+-------------------+------------+------+--------------+-------------------------------------+----------------+--------------+
; |systolic_array            ; 64 (0)              ; 3056 (0)                  ; 0                 ; 64         ; 2194 ; 0            ; |systolic_array                     ; systolic_array ; work         ;
;    |pe:ROW[0].COL[0].PE|   ; 1 (1)               ; 50 (50)                   ; 0                 ; 1          ; 0    ; 0            ; |systolic_array|pe:ROW[0].COL[0].PE ; pe             ; work         ;
;    |pe:ROW[0].COL[1].PE|   ; 1 (1)               ; 50 (50)                   ; 0                 ; 1          ; 0    ; 0            ; |systolic_array|pe:ROW[0].COL[1].PE ; pe             ; work         ;
;    |pe:ROW[0].COL[2].PE|   ; 1 (1)               ; 50 (50)                   ; 0                 ; 1          ; 0    ; 0            ; |systolic_array|pe:ROW[0].COL[2].PE ; pe             ; work         ;
;    |pe:ROW[0].COL[3].PE|   ; 1 (1)               ; 50 (50)                   ; 0                 ; 1          ; 0    ; 0            ; |systolic_array|pe:ROW[0].COL[3].PE ; pe             ; work         ;
;    |pe:ROW[0].COL[4].PE|   ; 1 (1)               ; 50 (50)                   ; 0                 ; 1          ; 0    ; 0            ; |systolic_array|pe:ROW[0].COL[4].PE ; pe             ; work         ;
;    |pe:ROW[0].COL[5].PE|   ; 1 (1)               ; 50 (50)                   ; 0                 ; 1          ; 0    ; 0            ; |systolic_array|pe:ROW[0].COL[5].PE ; pe             ; work         ;
;    |pe:ROW[0].COL[6].PE|   ; 1 (1)               ; 50 (50)                   ; 0                 ; 1          ; 0    ; 0            ; |systolic_array|pe:ROW[0].COL[6].PE ; pe             ; work         ;
;    |pe:ROW[0].COL[7].PE|   ; 1 (1)               ; 41 (41)                   ; 0                 ; 1          ; 0    ; 0            ; |systolic_array|pe:ROW[0].COL[7].PE ; pe             ; work         ;
;    |pe:ROW[1].COL[0].PE|   ; 1 (1)               ; 50 (50)                   ; 0                 ; 1          ; 0    ; 0            ; |systolic_array|pe:ROW[1].COL[0].PE ; pe             ; work         ;
;    |pe:ROW[1].COL[1].PE|   ; 1 (1)               ; 50 (50)                   ; 0                 ; 1          ; 0    ; 0            ; |systolic_array|pe:ROW[1].COL[1].PE ; pe             ; work         ;
;    |pe:ROW[1].COL[2].PE|   ; 1 (1)               ; 50 (50)                   ; 0                 ; 1          ; 0    ; 0            ; |systolic_array|pe:ROW[1].COL[2].PE ; pe             ; work         ;
;    |pe:ROW[1].COL[3].PE|   ; 1 (1)               ; 50 (50)                   ; 0                 ; 1          ; 0    ; 0            ; |systolic_array|pe:ROW[1].COL[3].PE ; pe             ; work         ;
;    |pe:ROW[1].COL[4].PE|   ; 1 (1)               ; 50 (50)                   ; 0                 ; 1          ; 0    ; 0            ; |systolic_array|pe:ROW[1].COL[4].PE ; pe             ; work         ;
;    |pe:ROW[1].COL[5].PE|   ; 1 (1)               ; 50 (50)                   ; 0                 ; 1          ; 0    ; 0            ; |systolic_array|pe:ROW[1].COL[5].PE ; pe             ; work         ;
;    |pe:ROW[1].COL[6].PE|   ; 1 (1)               ; 50 (50)                   ; 0                 ; 1          ; 0    ; 0            ; |systolic_array|pe:ROW[1].COL[6].PE ; pe             ; work         ;
;    |pe:ROW[1].COL[7].PE|   ; 1 (1)               ; 41 (41)                   ; 0                 ; 1          ; 0    ; 0            ; |systolic_array|pe:ROW[1].COL[7].PE ; pe             ; work         ;
;    |pe:ROW[2].COL[0].PE|   ; 1 (1)               ; 50 (50)                   ; 0                 ; 1          ; 0    ; 0            ; |systolic_array|pe:ROW[2].COL[0].PE ; pe             ; work         ;
;    |pe:ROW[2].COL[1].PE|   ; 1 (1)               ; 50 (50)                   ; 0                 ; 1          ; 0    ; 0            ; |systolic_array|pe:ROW[2].COL[1].PE ; pe             ; work         ;
;    |pe:ROW[2].COL[2].PE|   ; 1 (1)               ; 50 (50)                   ; 0                 ; 1          ; 0    ; 0            ; |systolic_array|pe:ROW[2].COL[2].PE ; pe             ; work         ;
;    |pe:ROW[2].COL[3].PE|   ; 1 (1)               ; 50 (50)                   ; 0                 ; 1          ; 0    ; 0            ; |systolic_array|pe:ROW[2].COL[3].PE ; pe             ; work         ;
;    |pe:ROW[2].COL[4].PE|   ; 1 (1)               ; 50 (50)                   ; 0                 ; 1          ; 0    ; 0            ; |systolic_array|pe:ROW[2].COL[4].PE ; pe             ; work         ;
;    |pe:ROW[2].COL[5].PE|   ; 1 (1)               ; 50 (50)                   ; 0                 ; 1          ; 0    ; 0            ; |systolic_array|pe:ROW[2].COL[5].PE ; pe             ; work         ;
;    |pe:ROW[2].COL[6].PE|   ; 1 (1)               ; 50 (50)                   ; 0                 ; 1          ; 0    ; 0            ; |systolic_array|pe:ROW[2].COL[6].PE ; pe             ; work         ;
;    |pe:ROW[2].COL[7].PE|   ; 1 (1)               ; 41 (41)                   ; 0                 ; 1          ; 0    ; 0            ; |systolic_array|pe:ROW[2].COL[7].PE ; pe             ; work         ;
;    |pe:ROW[3].COL[0].PE|   ; 1 (1)               ; 50 (50)                   ; 0                 ; 1          ; 0    ; 0            ; |systolic_array|pe:ROW[3].COL[0].PE ; pe             ; work         ;
;    |pe:ROW[3].COL[1].PE|   ; 1 (1)               ; 50 (50)                   ; 0                 ; 1          ; 0    ; 0            ; |systolic_array|pe:ROW[3].COL[1].PE ; pe             ; work         ;
;    |pe:ROW[3].COL[2].PE|   ; 1 (1)               ; 50 (50)                   ; 0                 ; 1          ; 0    ; 0            ; |systolic_array|pe:ROW[3].COL[2].PE ; pe             ; work         ;
;    |pe:ROW[3].COL[3].PE|   ; 1 (1)               ; 50 (50)                   ; 0                 ; 1          ; 0    ; 0            ; |systolic_array|pe:ROW[3].COL[3].PE ; pe             ; work         ;
;    |pe:ROW[3].COL[4].PE|   ; 1 (1)               ; 50 (50)                   ; 0                 ; 1          ; 0    ; 0            ; |systolic_array|pe:ROW[3].COL[4].PE ; pe             ; work         ;
;    |pe:ROW[3].COL[5].PE|   ; 1 (1)               ; 50 (50)                   ; 0                 ; 1          ; 0    ; 0            ; |systolic_array|pe:ROW[3].COL[5].PE ; pe             ; work         ;
;    |pe:ROW[3].COL[6].PE|   ; 1 (1)               ; 50 (50)                   ; 0                 ; 1          ; 0    ; 0            ; |systolic_array|pe:ROW[3].COL[6].PE ; pe             ; work         ;
;    |pe:ROW[3].COL[7].PE|   ; 1 (1)               ; 41 (41)                   ; 0                 ; 1          ; 0    ; 0            ; |systolic_array|pe:ROW[3].COL[7].PE ; pe             ; work         ;
;    |pe:ROW[4].COL[0].PE|   ; 1 (1)               ; 50 (50)                   ; 0                 ; 1          ; 0    ; 0            ; |systolic_array|pe:ROW[4].COL[0].PE ; pe             ; work         ;
;    |pe:ROW[4].COL[1].PE|   ; 1 (1)               ; 50 (50)                   ; 0                 ; 1          ; 0    ; 0            ; |systolic_array|pe:ROW[4].COL[1].PE ; pe             ; work         ;
;    |pe:ROW[4].COL[2].PE|   ; 1 (1)               ; 50 (50)                   ; 0                 ; 1          ; 0    ; 0            ; |systolic_array|pe:ROW[4].COL[2].PE ; pe             ; work         ;
;    |pe:ROW[4].COL[3].PE|   ; 1 (1)               ; 50 (50)                   ; 0                 ; 1          ; 0    ; 0            ; |systolic_array|pe:ROW[4].COL[3].PE ; pe             ; work         ;
;    |pe:ROW[4].COL[4].PE|   ; 1 (1)               ; 50 (50)                   ; 0                 ; 1          ; 0    ; 0            ; |systolic_array|pe:ROW[4].COL[4].PE ; pe             ; work         ;
;    |pe:ROW[4].COL[5].PE|   ; 1 (1)               ; 50 (50)                   ; 0                 ; 1          ; 0    ; 0            ; |systolic_array|pe:ROW[4].COL[5].PE ; pe             ; work         ;
;    |pe:ROW[4].COL[6].PE|   ; 1 (1)               ; 50 (50)                   ; 0                 ; 1          ; 0    ; 0            ; |systolic_array|pe:ROW[4].COL[6].PE ; pe             ; work         ;
;    |pe:ROW[4].COL[7].PE|   ; 1 (1)               ; 41 (41)                   ; 0                 ; 1          ; 0    ; 0            ; |systolic_array|pe:ROW[4].COL[7].PE ; pe             ; work         ;
;    |pe:ROW[5].COL[0].PE|   ; 1 (1)               ; 50 (50)                   ; 0                 ; 1          ; 0    ; 0            ; |systolic_array|pe:ROW[5].COL[0].PE ; pe             ; work         ;
;    |pe:ROW[5].COL[1].PE|   ; 1 (1)               ; 50 (50)                   ; 0                 ; 1          ; 0    ; 0            ; |systolic_array|pe:ROW[5].COL[1].PE ; pe             ; work         ;
;    |pe:ROW[5].COL[2].PE|   ; 1 (1)               ; 50 (50)                   ; 0                 ; 1          ; 0    ; 0            ; |systolic_array|pe:ROW[5].COL[2].PE ; pe             ; work         ;
;    |pe:ROW[5].COL[3].PE|   ; 1 (1)               ; 50 (50)                   ; 0                 ; 1          ; 0    ; 0            ; |systolic_array|pe:ROW[5].COL[3].PE ; pe             ; work         ;
;    |pe:ROW[5].COL[4].PE|   ; 1 (1)               ; 50 (50)                   ; 0                 ; 1          ; 0    ; 0            ; |systolic_array|pe:ROW[5].COL[4].PE ; pe             ; work         ;
;    |pe:ROW[5].COL[5].PE|   ; 1 (1)               ; 50 (50)                   ; 0                 ; 1          ; 0    ; 0            ; |systolic_array|pe:ROW[5].COL[5].PE ; pe             ; work         ;
;    |pe:ROW[5].COL[6].PE|   ; 1 (1)               ; 50 (50)                   ; 0                 ; 1          ; 0    ; 0            ; |systolic_array|pe:ROW[5].COL[6].PE ; pe             ; work         ;
;    |pe:ROW[5].COL[7].PE|   ; 1 (1)               ; 41 (41)                   ; 0                 ; 1          ; 0    ; 0            ; |systolic_array|pe:ROW[5].COL[7].PE ; pe             ; work         ;
;    |pe:ROW[6].COL[0].PE|   ; 1 (1)               ; 50 (50)                   ; 0                 ; 1          ; 0    ; 0            ; |systolic_array|pe:ROW[6].COL[0].PE ; pe             ; work         ;
;    |pe:ROW[6].COL[1].PE|   ; 1 (1)               ; 50 (50)                   ; 0                 ; 1          ; 0    ; 0            ; |systolic_array|pe:ROW[6].COL[1].PE ; pe             ; work         ;
;    |pe:ROW[6].COL[2].PE|   ; 1 (1)               ; 50 (50)                   ; 0                 ; 1          ; 0    ; 0            ; |systolic_array|pe:ROW[6].COL[2].PE ; pe             ; work         ;
;    |pe:ROW[6].COL[3].PE|   ; 1 (1)               ; 50 (50)                   ; 0                 ; 1          ; 0    ; 0            ; |systolic_array|pe:ROW[6].COL[3].PE ; pe             ; work         ;
;    |pe:ROW[6].COL[4].PE|   ; 1 (1)               ; 50 (50)                   ; 0                 ; 1          ; 0    ; 0            ; |systolic_array|pe:ROW[6].COL[4].PE ; pe             ; work         ;
;    |pe:ROW[6].COL[5].PE|   ; 1 (1)               ; 50 (50)                   ; 0                 ; 1          ; 0    ; 0            ; |systolic_array|pe:ROW[6].COL[5].PE ; pe             ; work         ;
;    |pe:ROW[6].COL[6].PE|   ; 1 (1)               ; 50 (50)                   ; 0                 ; 1          ; 0    ; 0            ; |systolic_array|pe:ROW[6].COL[6].PE ; pe             ; work         ;
;    |pe:ROW[6].COL[7].PE|   ; 1 (1)               ; 41 (41)                   ; 0                 ; 1          ; 0    ; 0            ; |systolic_array|pe:ROW[6].COL[7].PE ; pe             ; work         ;
;    |pe:ROW[7].COL[0].PE|   ; 1 (1)               ; 41 (41)                   ; 0                 ; 1          ; 0    ; 0            ; |systolic_array|pe:ROW[7].COL[0].PE ; pe             ; work         ;
;    |pe:ROW[7].COL[1].PE|   ; 1 (1)               ; 41 (41)                   ; 0                 ; 1          ; 0    ; 0            ; |systolic_array|pe:ROW[7].COL[1].PE ; pe             ; work         ;
;    |pe:ROW[7].COL[2].PE|   ; 1 (1)               ; 41 (41)                   ; 0                 ; 1          ; 0    ; 0            ; |systolic_array|pe:ROW[7].COL[2].PE ; pe             ; work         ;
;    |pe:ROW[7].COL[3].PE|   ; 1 (1)               ; 41 (41)                   ; 0                 ; 1          ; 0    ; 0            ; |systolic_array|pe:ROW[7].COL[3].PE ; pe             ; work         ;
;    |pe:ROW[7].COL[4].PE|   ; 1 (1)               ; 41 (41)                   ; 0                 ; 1          ; 0    ; 0            ; |systolic_array|pe:ROW[7].COL[4].PE ; pe             ; work         ;
;    |pe:ROW[7].COL[5].PE|   ; 1 (1)               ; 41 (41)                   ; 0                 ; 1          ; 0    ; 0            ; |systolic_array|pe:ROW[7].COL[5].PE ; pe             ; work         ;
;    |pe:ROW[7].COL[6].PE|   ; 1 (1)               ; 41 (41)                   ; 0                 ; 1          ; 0    ; 0            ; |systolic_array|pe:ROW[7].COL[6].PE ; pe             ; work         ;
;    |pe:ROW[7].COL[7].PE|   ; 1 (1)               ; 32 (32)                   ; 0                 ; 1          ; 0    ; 0            ; |systolic_array|pe:ROW[7].COL[7].PE ; pe             ; work         ;
+----------------------------+---------------------+---------------------------+-------------------+------------+------+--------------+-------------------------------------+----------------+--------------+
Note: For table entries with two numbers listed, the numbers in parentheses indicate the number of resources of the given type used by the specific entity alone. The numbers listed outside of parentheses indicate the total resources of the given type used by the specific entity and all of its sub-entities in the hierarchy.


+----------------------------------------------+
; Analysis & Synthesis DSP Block Usage Summary ;
+-------------------------------+--------------+
; Statistic                     ; Number Used  ;
+-------------------------------+--------------+
; Independent 18x18 plus 36     ; 64           ;
; Total number of DSP blocks    ; 64           ;
;                               ;              ;
; Fixed Point Signed Multiplier ; 64           ;
+-------------------------------+--------------+


+------------------------------------------------------+
; General Register Statistics                          ;
+----------------------------------------------+-------+
; Statistic                                    ; Value ;
+----------------------------------------------+-------+
; Total registers                              ; 3056  ;
; Number of registers using Synchronous Clear  ; 3056  ;
; Number of registers using Synchronous Load   ; 0     ;
; Number of registers using Asynchronous Clear ; 0     ;
; Number of registers using Asynchronous Load  ; 0     ;
; Number of registers using Clock Enable       ; 2048  ;
; Number of registers using Preset             ; 0     ;
+----------------------------------------------+-------+


+-----------------------------------------------------------------------------------------------------------------------------------------------------------+
; Multiplexer Restructuring Statistics (Restructuring Performed)                                                                                            ;
+--------------------+-----------+---------------+----------------------+------------------------+------------+---------------------------------------------+
; Multiplexer Inputs ; Bus Width ; Baseline Area ; Area if Restructured ; Saving if Restructured ; Registered ; Example Multiplexer Output                  ;
+--------------------+-----------+---------------+----------------------+------------------------+------------+---------------------------------------------+
; 3:1                ; 32 bits   ; 64 LEs        ; 0 LEs                ; 64 LEs                 ; Yes        ; |systolic_array|pe:ROW[0].COL[0].PE|acc[0]  ;
; 3:1                ; 32 bits   ; 64 LEs        ; 0 LEs                ; 64 LEs                 ; Yes        ; |systolic_array|pe:ROW[0].COL[1].PE|acc[0]  ;
; 3:1                ; 32 bits   ; 64 LEs        ; 0 LEs                ; 64 LEs                 ; Yes        ; |systolic_array|pe:ROW[0].COL[2].PE|acc[0]  ;
; 3:1                ; 32 bits   ; 64 LEs        ; 0 LEs                ; 64 LEs                 ; Yes        ; |systolic_array|pe:ROW[0].COL[3].PE|acc[0]  ;
; 3:1                ; 32 bits   ; 64 LEs        ; 0 LEs                ; 64 LEs                 ; Yes        ; |systolic_array|pe:ROW[0].COL[4].PE|acc[0]  ;
; 3:1                ; 32 bits   ; 64 LEs        ; 0 LEs                ; 64 LEs                 ; Yes        ; |systolic_array|pe:ROW[0].COL[5].PE|acc[0]  ;
; 3:1                ; 32 bits   ; 64 LEs        ; 0 LEs                ; 64 LEs                 ; Yes        ; |systolic_array|pe:ROW[0].COL[6].PE|acc[1]  ;
; 3:1                ; 32 bits   ; 64 LEs        ; 0 LEs                ; 64 LEs                 ; Yes        ; |systolic_array|pe:ROW[0].COL[7].PE|acc[1]  ;
; 3:1                ; 32 bits   ; 64 LEs        ; 0 LEs                ; 64 LEs                 ; Yes        ; |systolic_array|pe:ROW[1].COL[0].PE|acc[0]  ;
; 3:1                ; 32 bits   ; 64 LEs        ; 0 LEs                ; 64 LEs                 ; Yes        ; |systolic_array|pe:ROW[1].COL[1].PE|acc[1]  ;
; 3:1                ; 32 bits   ; 64 LEs        ; 0 LEs                ; 64 LEs                 ; Yes        ; |systolic_array|pe:ROW[1].COL[2].PE|acc[1]  ;
; 3:1                ; 32 bits   ; 64 LEs        ; 0 LEs                ; 64 LEs                 ; Yes        ; |systolic_array|pe:ROW[1].COL[3].PE|acc[0]  ;
; 3:1                ; 32 bits   ; 64 LEs        ; 0 LEs                ; 64 LEs                 ; Yes        ; |systolic_array|pe:ROW[1].COL[4].PE|acc[0]  ;
; 3:1                ; 32 bits   ; 64 LEs        ; 0 LEs                ; 64 LEs                 ; Yes        ; |systolic_array|pe:ROW[1].COL[5].PE|acc[0]  ;
; 3:1                ; 32 bits   ; 64 LEs        ; 0 LEs                ; 64 LEs                 ; Yes        ; |systolic_array|pe:ROW[1].COL[6].PE|acc[0]  ;
; 3:1                ; 32 bits   ; 64 LEs        ; 0 LEs                ; 64 LEs                 ; Yes        ; |systolic_array|pe:ROW[1].COL[7].PE|acc[0]  ;
; 3:1                ; 32 bits   ; 64 LEs        ; 0 LEs                ; 64 LEs                 ; Yes        ; |systolic_array|pe:ROW[2].COL[0].PE|acc[0]  ;
; 3:1                ; 32 bits   ; 64 LEs        ; 0 LEs                ; 64 LEs                 ; Yes        ; |systolic_array|pe:ROW[2].COL[1].PE|acc[9]  ;
; 3:1                ; 32 bits   ; 64 LEs        ; 0 LEs                ; 64 LEs                 ; Yes        ; |systolic_array|pe:ROW[2].COL[2].PE|acc[16] ;
; 3:1                ; 32 bits   ; 64 LEs        ; 0 LEs                ; 64 LEs                 ; Yes        ; |systolic_array|pe:ROW[2].COL[3].PE|acc[15] ;
; 3:1                ; 32 bits   ; 64 LEs        ; 0 LEs                ; 64 LEs                 ; Yes        ; |systolic_array|pe:ROW[2].COL[4].PE|acc[19] ;
; 3:1                ; 32 bits   ; 64 LEs        ; 0 LEs                ; 64 LEs                 ; Yes        ; |systolic_array|pe:ROW[2].COL[5].PE|acc[15] ;
; 3:1                ; 32 bits   ; 64 LEs        ; 0 LEs                ; 64 LEs                 ; Yes        ; |systolic_array|pe:ROW[2].COL[6].PE|acc[25] ;
; 3:1                ; 32 bits   ; 64 LEs        ; 0 LEs                ; 64 LEs                 ; Yes        ; |systolic_array|pe:ROW[2].COL[7].PE|acc[15] ;
; 3:1                ; 32 bits   ; 64 LEs        ; 0 LEs                ; 64 LEs                 ; Yes        ; |systolic_array|pe:ROW[3].COL[0].PE|acc[24] ;
; 3:1                ; 32 bits   ; 64 LEs        ; 0 LEs                ; 64 LEs                 ; Yes        ; |systolic_array|pe:ROW[3].COL[1].PE|acc[30] ;
; 3:1                ; 32 bits   ; 64 LEs        ; 0 LEs                ; 64 LEs                 ; Yes        ; |systolic_array|pe:ROW[3].COL[2].PE|acc[31] ;
; 3:1                ; 32 bits   ; 64 LEs        ; 0 LEs                ; 64 LEs                 ; Yes        ; |systolic_array|pe:ROW[3].COL[3].PE|acc[1]  ;
; 3:1                ; 32 bits   ; 64 LEs        ; 0 LEs                ; 64 LEs                 ; Yes        ; |systolic_array|pe:ROW[3].COL[4].PE|acc[0]  ;
; 3:1                ; 32 bits   ; 64 LEs        ; 0 LEs                ; 64 LEs                 ; Yes        ; |systolic_array|pe:ROW[3].COL[5].PE|acc[8]  ;
; 3:1                ; 32 bits   ; 64 LEs        ; 0 LEs                ; 64 LEs                 ; Yes        ; |systolic_array|pe:ROW[3].COL[6].PE|acc[26] ;
; 3:1                ; 32 bits   ; 64 LEs        ; 0 LEs                ; 64 LEs                 ; Yes        ; |systolic_array|pe:ROW[3].COL[7].PE|acc[6]  ;
; 3:1                ; 32 bits   ; 64 LEs        ; 0 LEs                ; 64 LEs                 ; Yes        ; |systolic_array|pe:ROW[4].COL[0].PE|acc[0]  ;
; 3:1                ; 32 bits   ; 64 LEs        ; 0 LEs                ; 64 LEs                 ; Yes        ; |systolic_array|pe:ROW[4].COL[1].PE|acc[8]  ;
; 3:1                ; 32 bits   ; 64 LEs        ; 0 LEs                ; 64 LEs                 ; Yes        ; |systolic_array|pe:ROW[4].COL[2].PE|acc[1]  ;
; 3:1                ; 32 bits   ; 64 LEs        ; 0 LEs                ; 64 LEs                 ; Yes        ; |systolic_array|pe:ROW[4].COL[3].PE|acc[0]  ;
; 3:1                ; 32 bits   ; 64 LEs        ; 0 LEs                ; 64 LEs                 ; Yes        ; |systolic_array|pe:ROW[4].COL[4].PE|acc[0]  ;
; 3:1                ; 32 bits   ; 64 LEs        ; 0 LEs                ; 64 LEs                 ; Yes        ; |systolic_array|pe:ROW[4].COL[5].PE|acc[16] ;
; 3:1                ; 32 bits   ; 64 LEs        ; 0 LEs                ; 64 LEs                 ; Yes        ; |systolic_array|pe:ROW[4].COL[6].PE|acc[29] ;
; 3:1                ; 32 bits   ; 64 LEs        ; 0 LEs                ; 64 LEs                 ; Yes        ; |systolic_array|pe:ROW[4].COL[7].PE|acc[8]  ;
; 3:1                ; 32 bits   ; 64 LEs        ; 0 LEs                ; 64 LEs                 ; Yes        ; |systolic_array|pe:ROW[5].COL[0].PE|acc[21] ;
; 3:1                ; 32 bits   ; 64 LEs        ; 0 LEs                ; 64 LEs                 ; Yes        ; |systolic_array|pe:ROW[5].COL[1].PE|acc[26] ;
; 3:1                ; 32 bits   ; 64 LEs        ; 0 LEs                ; 64 LEs                 ; Yes        ; |systolic_array|pe:ROW[5].COL[2].PE|acc[7]  ;
; 3:1                ; 32 bits   ; 64 LEs        ; 0 LEs                ; 64 LEs                 ; Yes        ; |systolic_array|pe:ROW[5].COL[3].PE|acc[15] ;
; 3:1                ; 32 bits   ; 64 LEs        ; 0 LEs                ; 64 LEs                 ; Yes        ; |systolic_array|pe:ROW[5].COL[4].PE|acc[6]  ;
; 3:1                ; 32 bits   ; 64 LEs        ; 0 LEs                ; 64 LEs                 ; Yes        ; |systolic_array|pe:ROW[5].COL[5].PE|acc[24] ;
; 3:1                ; 32 bits   ; 64 LEs        ; 0 LEs                ; 64 LEs                 ; Yes        ; |systolic_array|pe:ROW[5].COL[6].PE|acc[7]  ;
; 3:1                ; 32 bits   ; 64 LEs        ; 0 LEs                ; 64 LEs                 ; Yes        ; |systolic_array|pe:ROW[5].COL[7].PE|acc[7]  ;
; 3:1                ; 32 bits   ; 64 LEs        ; 0 LEs                ; 64 LEs                 ; Yes        ; |systolic_array|pe:ROW[6].COL[0].PE|acc[0]  ;
; 3:1                ; 32 bits   ; 64 LEs        ; 0 LEs                ; 64 LEs                 ; Yes        ; |systolic_array|pe:ROW[6].COL[1].PE|acc[0]  ;
; 3:1                ; 32 bits   ; 64 LEs        ; 0 LEs                ; 64 LEs                 ; Yes        ; |systolic_array|pe:ROW[6].COL[2].PE|acc[0]  ;
; 3:1                ; 32 bits   ; 64 LEs        ; 0 LEs                ; 64 LEs                 ; Yes        ; |systolic_array|pe:ROW[6].COL[3].PE|acc[0]  ;
; 3:1                ; 32 bits   ; 64 LEs        ; 0 LEs                ; 64 LEs                 ; Yes        ; |systolic_array|pe:ROW[6].COL[4].PE|acc[0]  ;
; 3:1                ; 32 bits   ; 64 LEs        ; 0 LEs                ; 64 LEs                 ; Yes        ; |systolic_array|pe:ROW[6].COL[5].PE|acc[0]  ;
; 3:1                ; 32 bits   ; 64 LEs        ; 0 LEs                ; 64 LEs                 ; Yes        ; |systolic_array|pe:ROW[6].COL[6].PE|acc[15] ;
; 3:1                ; 32 bits   ; 64 LEs        ; 0 LEs                ; 64 LEs                 ; Yes        ; |systolic_array|pe:ROW[6].COL[7].PE|acc[7]  ;
; 3:1                ; 32 bits   ; 64 LEs        ; 0 LEs                ; 64 LEs                 ; Yes        ; |systolic_array|pe:ROW[7].COL[0].PE|acc[15] ;
; 3:1                ; 32 bits   ; 64 LEs        ; 0 LEs                ; 64 LEs                 ; Yes        ; |systolic_array|pe:ROW[7].COL[1].PE|acc[31] ;
; 3:1                ; 32 bits   ; 64 LEs        ; 0 LEs                ; 64 LEs                 ; Yes        ; |systolic_array|pe:ROW[7].COL[2].PE|acc[23] ;
; 3:1                ; 32 bits   ; 64 LEs        ; 0 LEs                ; 64 LEs                 ; Yes        ; |systolic_array|pe:ROW[7].COL[3].PE|acc[19] ;
; 3:1                ; 32 bits   ; 64 LEs        ; 0 LEs                ; 64 LEs                 ; Yes        ; |systolic_array|pe:ROW[7].COL[4].PE|acc[7]  ;
; 3:1                ; 32 bits   ; 64 LEs        ; 0 LEs                ; 64 LEs                 ; Yes        ; |systolic_array|pe:ROW[7].COL[5].PE|acc[31] ;
; 3:1                ; 32 bits   ; 64 LEs        ; 0 LEs                ; 64 LEs                 ; Yes        ; |systolic_array|pe:ROW[7].COL[6].PE|acc[7]  ;
; 3:1                ; 32 bits   ; 64 LEs        ; 0 LEs                ; 64 LEs                 ; Yes        ; |systolic_array|pe:ROW[7].COL[7].PE|acc[31] ;
+--------------------+-----------+---------------+----------------------+------------------------+------------+---------------------------------------------+


+--------------------------------------------------------------------------------+
; Parameter Settings for User Entity Instance: Top-level Entity: |systolic_array ;
+----------------+-------+-------------------------------------------------------+
; Parameter Name ; Value ; Type                                                  ;
+----------------+-------+-------------------------------------------------------+
; ARRAY_SIZE     ; 8     ; Signed Integer                                        ;
; DATA_WIDTH     ; 8     ; Signed Integer                                        ;
; ACC_WIDTH      ; 32    ; Signed Integer                                        ;
+----------------+-------+-------------------------------------------------------+
Note: In order to hide this table in the UI and the text report file, please set the "Show Parameter Settings in Synthesis Report" option in "Analysis and Synthesis Settings -> More Settings" to "Off".


+-----------------------------------------------------------------------------------------------------------------------+
; Port Connectivity Checks: "pe:ROW[7].COL[7].PE"                                                                       ;
+-------------+--------+----------+-------------------------------------------------------------------------------------+
; Port        ; Type   ; Severity ; Details                                                                             ;
+-------------+--------+----------+-------------------------------------------------------------------------------------+
; A_out       ; Output ; Info     ; Connected to dangling logic. Logic that only feeds a dangling port will be removed. ;
; B_out       ; Output ; Info     ; Connected to dangling logic. Logic that only feeds a dangling port will be removed. ;
; A_valid_out ; Output ; Info     ; Connected to dangling logic. Logic that only feeds a dangling port will be removed. ;
; B_valid_out ; Output ; Info     ; Connected to dangling logic. Logic that only feeds a dangling port will be removed. ;
+-------------+--------+----------+-------------------------------------------------------------------------------------+


+-----------------------------------------------------------------------------------------------------------------------+
; Port Connectivity Checks: "pe:ROW[7].COL[6].PE"                                                                       ;
+-------------+--------+----------+-------------------------------------------------------------------------------------+
; Port        ; Type   ; Severity ; Details                                                                             ;
+-------------+--------+----------+-------------------------------------------------------------------------------------+
; B_out       ; Output ; Info     ; Connected to dangling logic. Logic that only feeds a dangling port will be removed. ;
; B_valid_out ; Output ; Info     ; Connected to dangling logic. Logic that only feeds a dangling port will be removed. ;
+-------------+--------+----------+-------------------------------------------------------------------------------------+


+-----------------------------------------------------------------------------------------------------------------------+
; Port Connectivity Checks: "pe:ROW[7].COL[5].PE"                                                                       ;
+-------------+--------+----------+-------------------------------------------------------------------------------------+
; Port        ; Type   ; Severity ; Details                                                                             ;
+-------------+--------+----------+-------------------------------------------------------------------------------------+
; B_out       ; Output ; Info     ; Connected to dangling logic. Logic that only feeds a dangling port will be removed. ;
; B_valid_out ; Output ; Info     ; Connected to dangling logic. Logic that only feeds a dangling port will be removed. ;
+-------------+--------+----------+-------------------------------------------------------------------------------------+


+-----------------------------------------------------------------------------------------------------------------------+
; Port Connectivity Checks: "pe:ROW[7].COL[4].PE"                                                                       ;
+-------------+--------+----------+-------------------------------------------------------------------------------------+
; Port        ; Type   ; Severity ; Details                                                                             ;
+-------------+--------+----------+-------------------------------------------------------------------------------------+
; B_out       ; Output ; Info     ; Connected to dangling logic. Logic that only feeds a dangling port will be removed. ;
; B_valid_out ; Output ; Info     ; Connected to dangling logic. Logic that only feeds a dangling port will be removed. ;
+-------------+--------+----------+-------------------------------------------------------------------------------------+


+-----------------------------------------------------------------------------------------------------------------------+
; Port Connectivity Checks: "pe:ROW[7].COL[3].PE"                                                                       ;
+-------------+--------+----------+-------------------------------------------------------------------------------------+
; Port        ; Type   ; Severity ; Details                                                                             ;
+-------------+--------+----------+-------------------------------------------------------------------------------------+
; B_out       ; Output ; Info     ; Connected to dangling logic. Logic that only feeds a dangling port will be removed. ;
; B_valid_out ; Output ; Info     ; Connected to dangling logic. Logic that only feeds a dangling port will be removed. ;
+-------------+--------+----------+-------------------------------------------------------------------------------------+


+-----------------------------------------------------------------------------------------------------------------------+
; Port Connectivity Checks: "pe:ROW[7].COL[2].PE"                                                                       ;
+-------------+--------+----------+-------------------------------------------------------------------------------------+
; Port        ; Type   ; Severity ; Details                                                                             ;
+-------------+--------+----------+-------------------------------------------------------------------------------------+
; B_out       ; Output ; Info     ; Connected to dangling logic. Logic that only feeds a dangling port will be removed. ;
; B_valid_out ; Output ; Info     ; Connected to dangling logic. Logic that only feeds a dangling port will be removed. ;
+-------------+--------+----------+-------------------------------------------------------------------------------------+


+-----------------------------------------------------------------------------------------------------------------------+
; Port Connectivity Checks: "pe:ROW[7].COL[1].PE"                                                                       ;
+-------------+--------+----------+-------------------------------------------------------------------------------------+
; Port        ; Type   ; Severity ; Details                                                                             ;
+-------------+--------+----------+-------------------------------------------------------------------------------------+
; B_out       ; Output ; Info     ; Connected to dangling logic. Logic that only feeds a dangling port will be removed. ;
; B_valid_out ; Output ; Info     ; Connected to dangling logic. Logic that only feeds a dangling port will be removed. ;
+-------------+--------+----------+-------------------------------------------------------------------------------------+


+-----------------------------------------------------------------------------------------------------------------------+
; Port Connectivity Checks: "pe:ROW[7].COL[0].PE"                                                                       ;
+-------------+--------+----------+-------------------------------------------------------------------------------------+
; Port        ; Type   ; Severity ; Details                                                                             ;
+-------------+--------+----------+-------------------------------------------------------------------------------------+
; B_out       ; Output ; Info     ; Connected to dangling logic. Logic that only feeds a dangling port will be removed. ;
; B_valid_out ; Output ; Info     ; Connected to dangling logic. Logic that only feeds a dangling port will be removed. ;
+-------------+--------+----------+-------------------------------------------------------------------------------------+


+-----------------------------------------------------------------------------------------------------------------------+
; Port Connectivity Checks: "pe:ROW[6].COL[7].PE"                                                                       ;
+-------------+--------+----------+-------------------------------------------------------------------------------------+
; Port        ; Type   ; Severity ; Details                                                                             ;
+-------------+--------+----------+-------------------------------------------------------------------------------------+
; A_out       ; Output ; Info     ; Connected to dangling logic. Logic that only feeds a dangling port will be removed. ;
; A_valid_out ; Output ; Info     ; Connected to dangling logic. Logic that only feeds a dangling port will be removed. ;
+-------------+--------+----------+-------------------------------------------------------------------------------------+


+-----------------------------------------------------------------------------------------------------------------------+
; Port Connectivity Checks: "pe:ROW[5].COL[7].PE"                                                                       ;
+-------------+--------+----------+-------------------------------------------------------------------------------------+
; Port        ; Type   ; Severity ; Details                                                                             ;
+-------------+--------+----------+-------------------------------------------------------------------------------------+
; A_out       ; Output ; Info     ; Connected to dangling logic. Logic that only feeds a dangling port will be removed. ;
; A_valid_out ; Output ; Info     ; Connected to dangling logic. Logic that only feeds a dangling port will be removed. ;
+-------------+--------+----------+-------------------------------------------------------------------------------------+


+-----------------------------------------------------------------------------------------------------------------------+
; Port Connectivity Checks: "pe:ROW[4].COL[7].PE"                                                                       ;
+-------------+--------+----------+-------------------------------------------------------------------------------------+
; Port        ; Type   ; Severity ; Details                                                                             ;
+-------------+--------+----------+-------------------------------------------------------------------------------------+
; A_out       ; Output ; Info     ; Connected to dangling logic. Logic that only feeds a dangling port will be removed. ;
; A_valid_out ; Output ; Info     ; Connected to dangling logic. Logic that only feeds a dangling port will be removed. ;
+-------------+--------+----------+-------------------------------------------------------------------------------------+


+-----------------------------------------------------------------------------------------------------------------------+
; Port Connectivity Checks: "pe:ROW[3].COL[7].PE"                                                                       ;
+-------------+--------+----------+-------------------------------------------------------------------------------------+
; Port        ; Type   ; Severity ; Details                                                                             ;
+-------------+--------+----------+-------------------------------------------------------------------------------------+
; A_out       ; Output ; Info     ; Connected to dangling logic. Logic that only feeds a dangling port will be removed. ;
; A_valid_out ; Output ; Info     ; Connected to dangling logic. Logic that only feeds a dangling port will be removed. ;
+-------------+--------+----------+-------------------------------------------------------------------------------------+


+-----------------------------------------------------------------------------------------------------------------------+
; Port Connectivity Checks: "pe:ROW[2].COL[7].PE"                                                                       ;
+-------------+--------+----------+-------------------------------------------------------------------------------------+
; Port        ; Type   ; Severity ; Details                                                                             ;
+-------------+--------+----------+-------------------------------------------------------------------------------------+
; A_out       ; Output ; Info     ; Connected to dangling logic. Logic that only feeds a dangling port will be removed. ;
; A_valid_out ; Output ; Info     ; Connected to dangling logic. Logic that only feeds a dangling port will be removed. ;
+-------------+--------+----------+-------------------------------------------------------------------------------------+


+-----------------------------------------------------------------------------------------------------------------------+
; Port Connectivity Checks: "pe:ROW[1].COL[7].PE"                                                                       ;
+-------------+--------+----------+-------------------------------------------------------------------------------------+
; Port        ; Type   ; Severity ; Details                                                                             ;
+-------------+--------+----------+-------------------------------------------------------------------------------------+
; A_out       ; Output ; Info     ; Connected to dangling logic. Logic that only feeds a dangling port will be removed. ;
; A_valid_out ; Output ; Info     ; Connected to dangling logic. Logic that only feeds a dangling port will be removed. ;
+-------------+--------+----------+-------------------------------------------------------------------------------------+


+-----------------------------------------------------------------------------------------------------------------------+
; Port Connectivity Checks: "pe:ROW[0].COL[7].PE"                                                                       ;
+-------------+--------+----------+-------------------------------------------------------------------------------------+
; Port        ; Type   ; Severity ; Details                                                                             ;
+-------------+--------+----------+-------------------------------------------------------------------------------------+
; A_out       ; Output ; Info     ; Connected to dangling logic. Logic that only feeds a dangling port will be removed. ;
; A_valid_out ; Output ; Info     ; Connected to dangling logic. Logic that only feeds a dangling port will be removed. ;
+-------------+--------+----------+-------------------------------------------------------------------------------------+


+-----------------------------------------------------+
; Post-Synthesis Netlist Statistics for Top Partition ;
+-----------------------+-----------------------------+
; Type                  ; Count                       ;
+-----------------------+-----------------------------+
; arriav_ff             ; 3056                        ;
;     ENA SCLR          ; 2048                        ;
;     SCLR              ; 1008                        ;
; arriav_lcell_comb     ; 64                          ;
;     normal            ; 64                          ;
;         3 data inputs ; 64                          ;
; arriav_mac            ; 64                          ;
; boundary_port         ; 2194                        ;
;                       ;                             ;
; Max LUT depth         ; 1.00                        ;
; Average LUT depth     ; 0.04                        ;
+-----------------------+-----------------------------+


+-------------------------------+
; Elapsed Time Per Partition    ;
+----------------+--------------+
; Partition Name ; Elapsed Time ;
+----------------+--------------+
; Top            ; 00:00:02     ;
+----------------+--------------+


+-------------------------------+
; Analysis & Synthesis Messages ;
+-------------------------------+
Info: *******************************************************************
Info: Running Quartus Prime Analysis & Synthesis
    Info: Version 18.1.0 Build 625 09/12/2018 SJ Lite Edition
    Info: Processing started: Fri Sep 04 16:01:46 2026
Info: Command: quartus_map --read_settings_files=on --write_settings_files=off stage4 -c systolic_array_2x2
Warning (18236): Number of processors has not been specified which may cause overloading on shared machines.  Set the global assignment NUM_PARALLEL_PROCESSORS in your QSF to an appropriate value for best performance.
Info (20030): Parallel compilation is enabled and will use 14 of the 14 processors detected
Info (12021): Found 1 design units, including 1 entities, in source file systolic_array_2x2_tb.v
    Info (12023): Found entity 1: systolic_array_2x2_tb File: C:/Users/JT2ju/OneDrive/Documents/Accelerator/Stage 4/Quartus_Project/systolic_array_2x2_tb.v Line: 3
Info (12021): Found 1 design units, including 1 entities, in source file systolic_array.v
    Info (12023): Found entity 1: systolic_array File: C:/Users/JT2ju/OneDrive/Documents/Accelerator/Stage 4/Quartus_Project/systolic_array.v Line: 1
Info (12021): Found 1 design units, including 1 entities, in source file systolic_array_2x2.v
    Info (12023): Found entity 1: systolic_array_2x2 File: C:/Users/JT2ju/OneDrive/Documents/Accelerator/Stage 4/Quartus_Project/systolic_array_2x2.v Line: 1
Info (12021): Found 1 design units, including 1 entities, in source file pe.v
    Info (12023): Found entity 1: pe File: C:/Users/JT2ju/OneDrive/Documents/Accelerator/Stage 4/Quartus_Project/pe.v Line: 1
Info (12127): Elaborating entity "systolic_array" for the top level hierarchy
Info (12128): Elaborating entity "pe" for hierarchy "pe:ROW[0].COL[0].PE" File: C:/Users/JT2ju/OneDrive/Documents/Accelerator/Stage 4/Quartus_Project/systolic_array.v Line: 182
Info (286030): Timing-Driven Synthesis is running
Info (16010): Generating hard_block partition "hard_block:auto_generated_inst"
    Info (16011): Adding 0 node(s), including 0 DDIO, 0 PLL, 0 transceiver and 0 LCELL
Info (21057): Implemented 5378 device resources after synthesis - the final resource count might be different
    Info (21058): Implemented 146 input pins
    Info (21059): Implemented 2048 output pins
    Info (21061): Implemented 3120 logic cells
    Info (21062): Implemented 64 DSP elements
Info: Quartus Prime Analysis & Synthesis was successful. 0 errors, 1 warning
    Info: Peak virtual memory: 4969 megabytes
    Info: Processing ended: Fri Sep 04 16:02:24 2026
    Info: Elapsed time: 00:00:38
    Info: Total CPU time (on all processors): 00:00:30


