Assembler report for systolic_array_2x2
Fri Sep 04 13:46:21 2026
Quartus Prime Version 18.1.0 Build 625 09/12/2018 SJ Lite Edition


---------------------
; Table of Contents ;
---------------------
  1. Legal Notice
  2. Assembler Summary
  3. Assembler Settings
  4. Assembler Generated Files
  5. Assembler Device Options: C:/Users/JT2ju/OneDrive/Documents/Accelerator/Stage 4/Quartus_Project/output_files/systolic_array_2x2.sof
  6. Assembler Messages



----------------
; Legal Notice ;
----------------
Copyright (C) 2018  Intel Corporation. All rights reserved.
Your use of Intel Corporation's design tools, logic functions 
and other software and tools, and its AMPP partner logic 
functions, and any output files from any of the foregoing 
(including device programming or simulation files), and any 
associated documentation or information are expressly subject 
to the terms and conditions of the Intel Program License 
Subscription Agreement, the Intel Quartus Prime License Agreement,
the Intel FPGA IP License Agreement, or other applicable license
agreement, including, without limitation, that your use is for
the sole purpose of programming logic devices manufactured by
Intel and sold by Intel or its authorized distributors.  Please
refer to the applicable agreement for further details.



+---------------------------------------------------------------+
; Assembler Summary                                             ;
+-----------------------+---------------------------------------+
; Assembler Status      ; Successful - Fri Sep 04 13:46:21 2026 ;
; Revision Name         ; systolic_array_2x2                    ;
; Top-level Entity Name ; systolic_array_2x2                    ;
; Family                ; Cyclone V                             ;
; Device                ; 5CSEMA5F31C6                          ;
+-----------------------+---------------------------------------+


+----------------------------------+
; Assembler Settings               ;
+--------+---------+---------------+
; Option ; Setting ; Default Value ;
+--------+---------+---------------+


+-----------------------------------------------------------------------------------------------------------+
; Assembler Generated Files                                                                                 ;
+-----------------------------------------------------------------------------------------------------------+
; File Name                                                                                                 ;
+-----------------------------------------------------------------------------------------------------------+
; C:/Users/JT2ju/OneDrive/Documents/Accelerator/Stage 4/Quartus_Project/output_files/systolic_array_2x2.sof ;
+-----------------------------------------------------------------------------------------------------------+


+-------------------------------------------------------------------------------------------------------------------------------------+
; Assembler Device Options: C:/Users/JT2ju/OneDrive/Documents/Accelerator/Stage 4/Quartus_Project/output_files/systolic_array_2x2.sof ;
+----------------+--------------------------------------------------------------------------------------------------------------------+
; Option         ; Setting                                                                                                            ;
+----------------+--------------------------------------------------------------------------------------------------------------------+
; JTAG usercode  ; 0x00B430E1                                                                                                         ;
; Checksum       ; 0x00B430E1                                                                                                         ;
+----------------+--------------------------------------------------------------------------------------------------------------------+


+--------------------+
; Assembler Messages ;
+--------------------+
Info: *******************************************************************
Info: Running Quartus Prime Assembler
    Info: Version 18.1.0 Build 625 09/12/2018 SJ Lite Edition
    Info: Processing started: Fri Sep 04 13:46:06 2026
Info: Command: quartus_asm --read_settings_files=off --write_settings_files=off stage4 -c systolic_array_2x2
Warning (18236): Number of processors has not been specified which may cause overloading on shared machines.  Set the global assignment NUM_PARALLEL_PROCESSORS in your QSF to an appropriate value for best performance.
Info (115030): Assembler is generating device programming files
Info: Quartus Prime Assembler was successful. 0 errors, 1 warning
    Info: Peak virtual memory: 4842 megabytes
    Info: Processing ended: Fri Sep 04 13:46:21 2026
    Info: Elapsed time: 00:00:15
    Info: Total CPU time (on all processors): 00:00:09


